// Jest Snapshot v1, https://goo.gl/fbAQLP

exports[`renders homepage unchanged 1`] = `
<div>
  <div
    class="container"
  >
    <main>
      <div
        class="stackRow"
      >
        <div
          class="buttonMode"
        />
      </div>
    </main>
    <footer
      class="footer"
    >
      <a
        href="https://jeromevonk.github.io/"
        target="blank"
      >
        By Jerome Vonk
      </a>
    </footer>
  </div>
</div>
`;
